
> mini-defi@2.0.0 test
> npx hardhat test

node.exe : [1m[31mCompilerError:[39m[22m Stack too deep. Try compiling with `--via-ir` (cli) or the 
equivalent `viaIR: true` (standard JSON) while enabling the optimizer. Otherwise, try removing local 
variables.
At C:\Program Files\nodejs\npm.ps1:29 char:3
+   & $NODE_EXE $NPM_CLI_JS $args
+   ~~~~~~~~~~~~~~~~~~~~~~~~~~~~~
    + CategoryInfo          : NotSpecified: ([1m[31mCompil...ocal variables.:String) [], RemoteException
    + FullyQualifiedErrorId : NativeCommandError
 
   --> contracts/LendingPool.sol:378:63:
    |
378 |         UserAssetAccount storage collateralAcc = userAccounts[_borrower][_collateralAsset];
    |                                                               ^^^^^^^^^


[31m[1mError[22m[39m [31m[1mHH600:[22m[39m Compilation failed

For more info go to https://v2.hardhat.org/HH600 or run Hardhat with --show-stack-traces
